[2026-10-05 20:15:43] ============================================================
[2026-10-05 20:15:43]   SEABIRD — RRT Beacon Search
[2026-10-05 20:15:43] ============================================================
[2026-10-05 20:15:43]   MAVSDK_ADDRESS      = udpin://0.0.0.0:14551
[2026-10-05 20:15:43]   MAX_SEARCH_RADIUS_M = 10.0 m
[2026-10-05 20:15:43]   RRT_STEP_M          = 1.5 m
[2026-10-05 20:15:43]   RRT_MAX_NODES       = 279
[2026-10-05 20:15:43]   BENCH_TEST          = False
[2026-10-05 20:15:43] ============================================================
[2026-10-05 20:15:43] 
[2026-10-05 20:15:43] [rrt] ROS2 detection listener started
[2026-10-05 20:15:43] [rrt] run_mission() entered
[2026-10-05 20:15:43] [rrt] MAVSDK_ADDRESS=udpin://0.0.0.0:14551
[2026-10-05 20:15:43] [rrt] Connecting to udpin://0.0.0.0:14551...
[INFO] [1791231343.553712420] [rrt_listener]: [rrt_listener] Subscribed /seabird/beacon_detections  |  Publishing /seabird/flight_path  /seabird/rrt_tree  /seabird/rrt_nodes
[2026-10-05 20:15:44] [rrt] drone.connect() returned
[2026-10-05 20:15:44] [rrt] connection_state: is_connected=True
[2026-10-05 20:15:44] [rrt] ✓ Connected to PX4
[2026-10-05 20:15:44] [rrt] Waiting for PX4 position readiness...
[2026-10-05 20:15:44] [rrt] health: global=False home=True local=True
[2026-10-05 20:15:44] [rrt] ✓ Position ready
[2026-10-05 20:15:45] [rrt] Start position: N=-2.14  E=16.44  D=2.53
[2026-10-05 20:15:45] [rrt] Arming...
[2026-10-05 20:15:45] [rrt] ✓ Armed
[2026-10-05 20:15:45] [rrt] Taking off to 5.0m...
[2026-10-05 20:15:45] [rrt] Stabilising for 8s...
[2026-10-05 20:15:53] [rrt] ✓ Airborne — N=-1.3  E=13.8  Alt≈-2.7m
[2026-10-05 20:15:53] [rrt] Priming offboard setpoint stream (3 s)...
[2026-10-05 20:15:56] [rrt] Switching to offboard mode...
[2026-10-05 20:15:56] [rrt] Offboard start failed: NO_SETPOINT_SET: 'No Setpoint Set'; origin: start(); params: ()
